D/dalvikvm( 1550): GC_CONCURRENT freed 962K, 44% free 6699K/11784K, paused 2ms+0ms, total 14ms
D/dalvikvm( 2281): GC_FOR_ALLOC freed 195K, 16% free 3542K/4176K, paused 2ms, total 2ms
D/UIAutomatorStub( 2281): URI: /jsonrpc/0, Method: POST, Header: {content-type=application/json, connection=close, remote-addr=127.0.0.1, host=localhost:9039, content-length=101, http-client-ip=127.0.0.1, user-agent=Python-urllib/2.7, accept-encoding=identity}, params, {NanoHttpd.QUERY_STRING=null}, files: {postData={"params": [384, 331], "jsonrpc": "2.0", "method": "click", "id": "3934128efe72aa266bba954d51ae0d81"}}
D/InteractionController( 2281): clickNoSync (384, 331)
D/AndroidRuntime( 2308): 
D/AndroidRuntime( 2308): >>>>>> AndroidRuntime START com.android.internal.os.RuntimeInit <<<<<<
W/linker  ( 2308): libdvm.so has text relocations. This is wasting memory and is a security risk. Please fix.
D/AndroidRuntime( 2308): CheckJNI is ON
D/dalvikvm( 2308): Trying to load lib libjavacore.so 0x0
D/dalvikvm( 2308): Added shared lib libjavacore.so 0x0
D/dalvikvm( 2308): Trying to load lib libnativehelper.so 0x0
D/dalvikvm( 2308): Added shared lib libnativehelper.so 0x0
D/dalvikvm( 2308): No JNI_OnLoad found in libnativehelper.so 0x0, skipping init
D/dalvikvm( 2308): Note: class Landroid/app/ActivityManagerNative; has 179 unimplemented (abstract) methods
E/memtrack( 2308): Couldn't load memtrack module (No such file or directory)
E/android.os.Debug( 2308): failed to load memtrack module: -2
D/AndroidRuntime( 2308): Calling main entry com.android.commands.input.Input
I/Input   ( 2308): injectKeyEvent: KeyEvent { action=ACTION_DOWN, keyCode=KEYCODE_I, scanCode=0, metaState=0, flags=0x0, repeatCount=0, eventTime=76306, downTime=76306, deviceId=-1, source=0x101 }
I/Input   ( 2308): injectKeyEvent: KeyEvent { action=ACTION_UP, keyCode=KEYCODE_I, scanCode=0, metaState=0, flags=0x0, repeatCount=0, eventTime=76306, downTime=76306, deviceId=-1, source=0x101 }
I/Input   ( 2308): injectKeyEvent: KeyEvent { action=ACTION_DOWN, keyCode=KEYCODE_N, scanCode=0, metaState=0, flags=0x0, repeatCount=0, eventTime=76306, downTime=76306, deviceId=-1, source=0x101 }
I/Input   ( 2308): injectKeyEvent: KeyEvent { action=ACTION_UP, keyCode=KEYCODE_N, scanCode=0, metaState=0, flags=0x0, repeatCount=0, eventTime=76306, downTime=76306, deviceId=-1, source=0x101 }
I/Input   ( 2308): injectKeyEvent: KeyEvent { action=ACTION_DOWN, keyCode=KEYCODE_P, scanCode=0, metaState=0, flags=0x0, repeatCount=0, eventTime=76306, downTime=76306, deviceId=-1, source=0x101 }
I/Input   ( 2308): injectKeyEvent: KeyEvent { action=ACTION_UP, keyCode=KEYCODE_P, scanCode=0, metaState=0, flags=0x0, repeatCount=0, eventTime=76306, downTime=76306, deviceId=-1, source=0x101 }
I/Input   ( 2308): injectKeyEvent: KeyEvent { action=ACTION_DOWN, keyCode=KEYCODE_U, scanCode=0, metaState=0, flags=0x0, repeatCount=0, eventTime=76306, downTime=76306, deviceId=-1, source=0x101 }
I/Input   ( 2308): injectKeyEvent: KeyEvent { action=ACTION_UP, keyCode=KEYCODE_U, scanCode=0, metaState=0, flags=0x0, repeatCount=0, eventTime=76306, downTime=76306, deviceId=-1, source=0x101 }
I/Input   ( 2308): injectKeyEvent: KeyEvent { action=ACTION_DOWN, keyCode=KEYCODE_T, scanCode=0, metaState=0, flags=0x0, repeatCount=0, eventTime=76306, downTime=76306, deviceId=-1, source=0x101 }
I/Input   ( 2308): injectKeyEvent: KeyEvent { action=ACTION_UP, keyCode=KEYCODE_T, scanCode=0, metaState=0, flags=0x0, repeatCount=0, eventTime=76306, downTime=76306, deviceId=-1, source=0x101 }
I/Input   ( 2308): injectKeyEvent: KeyEvent { action=ACTION_DOWN, keyCode=KEYCODE_SPACE, scanCode=0, metaState=0, flags=0x0, repeatCount=0, eventTime=76306, downTime=76306, deviceId=-1, source=0x101 }
I/Input   ( 2308): injectKeyEvent: KeyEvent { action=ACTION_UP, keyCode=KEYCODE_SPACE, scanCode=0, metaState=0, flags=0x0, repeatCount=0, eventTime=76306, downTime=76306, deviceId=-1, source=0x101 }
I/Input   ( 2308): injectKeyEvent: KeyEvent { action=ACTION_DOWN, keyCode=KEYCODE_T, scanCode=0, metaState=0, flags=0x0, repeatCount=0, eventTime=76306, downTime=76306, deviceId=-1, source=0x101 }
I/Input   ( 2308): injectKeyEvent: KeyEvent { action=ACTION_UP, keyCode=KEYCODE_T, scanCode=0, metaState=0, flags=0x0, repeatCount=0, eventTime=76306, downTime=76306, deviceId=-1, source=0x101 }
I/Input   ( 2308): injectKeyEvent: KeyEvent { action=ACTION_DOWN, keyCode=KEYCODE_E, scanCode=0, metaState=0, flags=0x0, repeatCount=0, eventTime=76306, downTime=76306, deviceId=-1, source=0x101 }
I/Input   ( 2308): injectKeyEvent: KeyEvent { action=ACTION_UP, keyCode=KEYCODE_E, scanCode=0, metaState=0, flags=0x0, repeatCount=0, eventTime=76306, downTime=76306, deviceId=-1, source=0x101 }
I/Input   ( 2308): injectKeyEvent: KeyEvent { action=ACTION_DOWN, keyCode=KEYCODE_X, scanCode=0, metaState=0, flags=0x0, repeatCount=0, eventTime=76306, downTime=76306, deviceId=-1, source=0x101 }
I/Input   ( 2308): injectKeyEvent: KeyEvent { action=ACTION_UP, keyCode=KEYCODE_X, scanCode=0, metaState=0, flags=0x0, repeatCount=0, eventTime=76306, downTime=76306, deviceId=-1, source=0x101 }
I/Input   ( 2308): injectKeyEvent: KeyEvent { action=ACTION_DOWN, keyCode=KEYCODE_T, scanCode=0, metaState=0, flags=0x0, repeatCount=0, eventTime=76306, downTime=76306, deviceId=-1, source=0x101 }
I/Input   ( 2308): injectKeyEvent: KeyEvent { action=ACTION_UP, keyCode=KEYCODE_T, scanCode=0, metaState=0, flags=0x0, repeatCount=0, eventTime=76306, downTime=76306, deviceId=-1, source=0x101 }
I/Input   ( 2308): injectKeyEvent: KeyEvent { action=ACTION_DOWN, keyCode=KEYCODE_APOSTROPHE, scanCode=0, metaState=0, flags=0x0, repeatCount=0, eventTime=76306, downTime=76306, deviceId=-1, source=0x101 }
I/Input   ( 2308): injectKeyEvent: KeyEvent { action=ACTION_UP, keyCode=KEYCODE_APOSTROPHE, scanCode=0, metaState=0, flags=0x0, repeatCount=0, eventTime=76306, downTime=76306, deviceId=-1, source=0x101 }
I/Input   ( 2308): injectKeyEvent: KeyEvent { action=ACTION_DOWN, keyCode=KEYCODE_SHIFT_LEFT, scanCode=0, metaState=META_SHIFT_ON|META_SHIFT_LEFT_ON, flags=0x0, repeatCount=0, eventTime=76306, downTime=76306, deviceId=-1, source=0x101 }
I/Input   ( 2308): injectKeyEvent: KeyEvent { action=ACTION_DOWN, keyCode=KEYCODE_LEFT_BRACKET, scanCode=0, metaState=META_SHIFT_ON|META_SHIFT_LEFT_ON, flags=0x0, repeatCount=0, eventTime=76306, downTime=76306, deviceId=-1, source=0x101 }
I/Input   ( 2308): injectKeyEvent: KeyEvent { action=ACTION_UP, keyCode=KEYCODE_LEFT_BRACKET, scanCode=0, metaState=META_SHIFT_ON|META_SHIFT_LEFT_ON, flags=0x0, repeatCount=0, eventTime=76306, downTime=76306, deviceId=-1, source=0x101 }
I/Input   ( 2308): injectKeyEvent: KeyEvent { action=ACTION_UP, keyCode=KEYCODE_SHIFT_LEFT, scanCode=0, metaState=0, flags=0x0, repeatCount=0, eventTime=76306, downTime=76306, deviceId=-1, source=0x101 }
I/Input   ( 2308): injectKeyEvent: KeyEvent { action=ACTION_DOWN, keyCode=KEYCODE_PERIOD, scanCode=0, metaState=0, flags=0x0, repeatCount=0, eventTime=76306, downTime=76306, deviceId=-1, source=0x101 }
I/Input   ( 2308): injectKeyEvent: KeyEvent { action=ACTION_UP, keyCode=KEYCODE_PERIOD, scanCode=0, metaState=0, flags=0x0, repeatCount=0, eventTime=76306, downTime=76306, deviceId=-1, source=0x101 }
I/Input   ( 2308): injectKeyEvent: KeyEvent { action=ACTION_DOWN, keyCode=KEYCODE_3, scanCode=0, metaState=0, flags=0x0, repeatCount=0, eventTime=76306, downTime=76306, deviceId=-1, source=0x101 }
I/Input   ( 2308): injectKeyEvent: KeyEvent { action=ACTION_UP, keyCode=KEYCODE_3, scanCode=0, metaState=0, flags=0x0, repeatCount=0, eventTime=76306, downTime=76306, deviceId=-1, source=0x101 }
I/Input   ( 2308): injectKeyEvent: KeyEvent { action=ACTION_DOWN, keyCode=KEYCODE_4, scanCode=0, metaState=0, flags=0x0, repeatCount=0, eventTime=76306, downTime=76306, deviceId=-1, source=0x101 }
I/Input   ( 2308): injectKeyEvent: KeyEvent { action=ACTION_UP, keyCode=KEYCODE_4, scanCode=0, metaState=0, flags=0x0, repeatCount=0, eventTime=76306, downTime=76306, deviceId=-1, source=0x101 }
I/Input   ( 2308): injectKeyEvent: KeyEvent { action=ACTION_DOWN, keyCode=KEYCODE_5, scanCode=0, metaState=0, flags=0x0, repeatCount=0, eventTime=76306, downTime=76306, deviceId=-1, source=0x101 }
I/Input   ( 2308): injectKeyEvent: KeyEvent { action=ACTION_UP, keyCode=KEYCODE_5, scanCode=0, metaState=0, flags=0x0, repeatCount=0, eventTime=76306, downTime=76306, deviceId=-1, source=0x101 }
I/Input   ( 2308): injectKeyEvent: KeyEvent { action=ACTION_DOWN, keyCode=KEYCODE_6, scanCode=0, metaState=0, flags=0x0, repeatCount=0, eventTime=76306, downTime=76306, deviceId=-1, source=0x101 }
I/Input   ( 2308): injectKeyEvent: KeyEvent { action=ACTION_UP, keyCode=KEYCODE_6, scanCode=0, metaState=0, flags=0x0, repeatCount=0, eventTime=76306, downTime=76306, deviceId=-1, source=0x101 }
I/Input   ( 2308): injectKeyEvent: KeyEvent { action=ACTION_DOWN, keyCode=KEYCODE_7, scanCode=0, metaState=0, flags=0x0, repeatCount=0, eventTime=76306, downTime=76306, deviceId=-1, source=0x101 }
I/Input   ( 2308): injectKeyEvent: KeyEvent { action=ACTION_UP, keyCode=KEYCODE_7, scanCode=0, metaState=0, flags=0x0, repeatCount=0, eventTime=76306, downTime=76306, deviceId=-1, source=0x101 }
I/Input   ( 2308): injectKeyEvent: KeyEvent { action=ACTION_DOWN, keyCode=KEYCODE_8, scanCode=0, metaState=0, flags=0x0, repeatCount=0, eventTime=76306, downTime=76306, deviceId=-1, source=0x101 }
I/Input   ( 2308): injectKeyEvent: KeyEvent { action=ACTION_UP, keyCode=KEYCODE_8, scanCode=0, metaState=0, flags=0x0, repeatCount=0, eventTime=76306, downTime=76306, deviceId=-1, source=0x101 }
I/Input   ( 2308): injectKeyEvent: KeyEvent { action=ACTION_DOWN, keyCode=KEYCODE_9, scanCode=0, metaState=0, flags=0x0, repeatCount=0, eventTime=76306, downTime=76306, deviceId=-1, source=0x101 }
I/Input   ( 2308): injectKeyEvent: KeyEvent { action=ACTION_UP, keyCode=KEYCODE_9, scanCode=0, metaState=0, flags=0x0, repeatCount=0, eventTime=76306, downTime=76306, deviceId=-1, source=0x101 }
I/Input   ( 2308): injectKeyEvent: KeyEvent { action=ACTION_DOWN, keyCode=KEYCODE_0, scanCode=0, metaState=0, flags=0x0, repeatCount=0, eventTime=76306, downTime=76306, deviceId=-1, source=0x101 }
I/Input   ( 2308): injectKeyEvent: KeyEvent { action=ACTION_UP, keyCode=KEYCODE_0, scanCode=0, metaState=0, flags=0x0, repeatCount=0, eventTime=76306, downTime=76306, deviceId=-1, source=0x101 }
I/Input   ( 2308): injectKeyEvent: KeyEvent { action=ACTION_DOWN, keyCode=KEYCODE_9, scanCode=0, metaState=0, flags=0x0, repeatCount=0, eventTime=76306, downTime=76306, deviceId=-1, source=0x101 }
I/Input   ( 2308): injectKeyEvent: KeyEvent { action=ACTION_UP, keyCode=KEYCODE_9, scanCode=0, metaState=0, flags=0x0, repeatCount=0, eventTime=76306, downTime=76306, deviceId=-1, source=0x101 }
I/Input   ( 2308): injectKeyEvent: KeyEvent { action=ACTION_DOWN, keyCode=KEYCODE_8, scanCode=0, metaState=0, flags=0x0, repeatCount=0, eventTime=76306, downTime=76306, deviceId=-1, source=0x101 }
I/Input   ( 2308): injectKeyEvent: KeyEvent { action=ACTION_UP, keyCode=KEYCODE_8, scanCode=0, metaState=0, flags=0x0, repeatCount=0, eventTime=76306, downTime=76306, deviceId=-1, source=0x101 }
I/Input   ( 2308): injectKeyEvent: KeyEvent { action=ACTION_DOWN, keyCode=KEYCODE_7, scanCode=0, metaState=0, flags=0x0, repeatCount=0, eventTime=76306, downTime=76306, deviceId=-1, source=0x101 }
I/Input   ( 2308): injectKeyEvent: KeyEvent { action=ACTION_UP, keyCode=KEYCODE_7, scanCode=0, metaState=0, flags=0x0, repeatCount=0, eventTime=76306, downTime=76306, deviceId=-1, source=0x101 }
I/Input   ( 2308): injectKeyEvent: KeyEvent { action=ACTION_DOWN, keyCode=KEYCODE_1, scanCode=0, metaState=0, flags=0x0, repeatCount=0, eventTime=76306, downTime=76306, deviceId=-1, source=0x101 }
I/Input   ( 2308): injectKeyEvent: KeyEvent { action=ACTION_UP, keyCode=KEYCODE_1, scanCode=0, metaState=0, flags=0x0, repeatCount=0, eventTime=76306, downTime=76306, deviceId=-1, source=0x101 }
I/Input   ( 2308): injectKeyEvent: KeyEvent { action=ACTION_DOWN, keyCode=KEYCODE_2, scanCode=0, metaState=0, flags=0x0, repeatCount=0, eventTime=76306, downTime=76306, deviceId=-1, source=0x101 }
I/Input   ( 2308): injectKeyEvent: KeyEvent { action=ACTION_UP, keyCode=KEYCODE_2, scanCode=0, metaState=0, flags=0x0, repeatCount=0, eventTime=76306, downTime=76306, deviceId=-1, source=0x101 }
I/Input   ( 2308): injectKeyEvent: KeyEvent { action=ACTION_DOWN, keyCode=KEYCODE_3, scanCode=0, metaState=0, flags=0x0, repeatCount=0, eventTime=76306, downTime=76306, deviceId=-1, source=0x101 }
I/Input   ( 2308): injectKeyEvent: KeyEvent { action=ACTION_UP, keyCode=KEYCODE_3, scanCode=0, metaState=0, flags=0x0, repeatCount=0, eventTime=76306, downTime=76306, deviceId=-1, source=0x101 }
I/Input   ( 2308): injectKeyEvent: KeyEvent { action=ACTION_DOWN, keyCode=KEYCODE_1, scanCode=0, metaState=0, flags=0x0, repeatCount=0, eventTime=76306, downTime=76306, deviceId=-1, source=0x101 }
I/Input   ( 2308): injectKeyEvent: KeyEvent { action=ACTION_UP, keyCode=KEYCODE_1, scanCode=0, metaState=0, flags=0x0, repeatCount=0, eventTime=76306, downTime=76306, deviceId=-1, source=0x101 }
D/AndroidRuntime( 2308): Shutting down VM
D/dalvikvm( 2308): GC_CONCURRENT freed 212K, 28% free 555K/772K, paused 0ms+0ms, total 0ms
D/dalvikvm( 2281): GC_FOR_ALLOC freed 275K, 17% free 3501K/4176K, paused 3ms, total 3ms
D/UIAutomatorStub( 2281): URI: /jsonrpc/0, Method: POST, Header: {content-type=application/json, connection=close, remote-addr=127.0.0.1, host=localhost:9039, content-length=101, http-client-ip=127.0.0.1, user-agent=Python-urllib/2.7, accept-encoding=identity}, params, {NanoHttpd.QUERY_STRING=null}, files: {postData={"params": [384, 465], "jsonrpc": "2.0", "method": "click", "id": "0ceed84e248d3809357d0401858d328d"}}
D/InteractionController( 2281): clickNoSync (384, 465)
D/AndroidRuntime( 2321): 
D/AndroidRuntime( 2321): >>>>>> AndroidRuntime START com.android.internal.os.RuntimeInit <<<<<<
W/linker  ( 2321): libdvm.so has text relocations. This is wasting memory and is a security risk. Please fix.
D/AndroidRuntime( 2321): CheckJNI is ON
D/dalvikvm( 2321): Trying to load lib libjavacore.so 0x0
D/dalvikvm( 2321): Added shared lib libjavacore.so 0x0
D/dalvikvm( 2321): Trying to load lib libnativehelper.so 0x0
D/dalvikvm( 2321): Added shared lib libnativehelper.so 0x0
D/dalvikvm( 2321): No JNI_OnLoad found in libnativehelper.so 0x0, skipping init
D/dalvikvm( 2321): Note: class Landroid/app/ActivityManagerNative; has 179 unimplemented (abstract) methods
E/memtrack( 2321): Couldn't load memtrack module (No such file or directory)
E/android.os.Debug( 2321): failed to load memtrack module: -2
D/AndroidRuntime( 2321): Calling main entry com.android.commands.input.Input
I/Input   ( 2321): injectKeyEvent: KeyEvent { action=ACTION_DOWN, keyCode=KEYCODE_I, scanCode=0, metaState=0, flags=0x0, repeatCount=0, eventTime=76823, downTime=76823, deviceId=-1, source=0x101 }
I/Input   ( 2321): injectKeyEvent: KeyEvent { action=ACTION_UP, keyCode=KEYCODE_I, scanCode=0, metaState=0, flags=0x0, repeatCount=0, eventTime=76823, downTime=76823, deviceId=-1, source=0x101 }
I/Input   ( 2321): injectKeyEvent: KeyEvent { action=ACTION_DOWN, keyCode=KEYCODE_N, scanCode=0, metaState=0, flags=0x0, repeatCount=0, eventTime=76823, downTime=76823, deviceId=-1, source=0x101 }
I/Input   ( 2321): injectKeyEvent: KeyEvent { action=ACTION_UP, keyCode=KEYCODE_N, scanCode=0, metaState=0, flags=0x0, repeatCount=0, eventTime=76823, downTime=76823, deviceId=-1, source=0x101 }
I/Input   ( 2321): injectKeyEvent: KeyEvent { action=ACTION_DOWN, keyCode=KEYCODE_P, scanCode=0, metaState=0, flags=0x0, repeatCount=0, eventTime=76823, downTime=76823, deviceId=-1, source=0x101 }
I/Input   ( 2321): injectKeyEvent: KeyEvent { action=ACTION_UP, keyCode=KEYCODE_P, scanCode=0, metaState=0, flags=0x0, repeatCount=0, eventTime=76823, downTime=76823, deviceId=-1, source=0x101 }
I/Input   ( 2321): injectKeyEvent: KeyEvent { action=ACTION_DOWN, keyCode=KEYCODE_U, scanCode=0, metaState=0, flags=0x0, repeatCount=0, eventTime=76823, downTime=76823, deviceId=-1, source=0x101 }
I/Input   ( 2321): injectKeyEvent: KeyEvent { action=ACTION_UP, keyCode=KEYCODE_U, scanCode=0, metaState=0, flags=0x0, repeatCount=0, eventTime=76823, downTime=76823, deviceId=-1, source=0x101 }
I/Input   ( 2321): injectKeyEvent: KeyEvent { action=ACTION_DOWN, keyCode=KEYCODE_T, scanCode=0, metaState=0, flags=0x0, repeatCount=0, eventTime=76823, downTime=76823, deviceId=-1, source=0x101 }
I/Input   ( 2321): injectKeyEvent: KeyEvent { action=ACTION_UP, keyCode=KEYCODE_T, scanCode=0, metaState=0, flags=0x0, repeatCount=0, eventTime=76823, downTime=76823, deviceId=-1, source=0x101 }
I/Input   ( 2321): injectKeyEvent: KeyEvent { action=ACTION_DOWN, keyCode=KEYCODE_SPACE, scanCode=0, metaState=0, flags=0x0, repeatCount=0, eventTime=76823, downTime=76823, deviceId=-1, source=0x101 }
I/Input   ( 2321): injectKeyEvent: KeyEvent { action=ACTION_UP, keyCode=KEYCODE_SPACE, scanCode=0, metaState=0, flags=0x0, repeatCount=0, eventTime=76823, downTime=76823, deviceId=-1, source=0x101 }
I/Input   ( 2321): injectKeyEvent: KeyEvent { action=ACTION_DOWN, keyCode=KEYCODE_T, scanCode=0, metaState=0, flags=0x0, repeatCount=0, eventTime=76823, downTime=76823, deviceId=-1, source=0x101 }
I/Input   ( 2321): injectKeyEvent: KeyEvent { action=ACTION_UP, keyCode=KEYCODE_T, scanCode=0, metaState=0, flags=0x0, repeatCount=0, eventTime=76823, downTime=76823, deviceId=-1, source=0x101 }
I/Input   ( 2321): injectKeyEvent: KeyEvent { action=ACTION_DOWN, keyCode=KEYCODE_E, scanCode=0, metaState=0, flags=0x0, repeatCount=0, eventTime=76823, downTime=76823, deviceId=-1, source=0x101 }
I/Input   ( 2321): injectKeyEvent: KeyEvent { action=ACTION_UP, keyCode=KEYCODE_E, scanCode=0, metaState=0, flags=0x0, repeatCount=0, eventTime=76823, downTime=76823, deviceId=-1, source=0x101 }
I/Input   ( 2321): injectKeyEvent: KeyEvent { action=ACTION_DOWN, keyCode=KEYCODE_X, scanCode=0, metaState=0, flags=0x0, repeatCount=0, eventTime=76823, downTime=76823, deviceId=-1, source=0x101 }
I/Input   ( 2321): injectKeyEvent: KeyEvent { action=ACTION_UP, keyCode=KEYCODE_X, scanCode=0, metaState=0, flags=0x0, repeatCount=0, eventTime=76823, downTime=76823, deviceId=-1, source=0x101 }
I/Input   ( 2321): injectKeyEvent: KeyEvent { action=ACTION_DOWN, keyCode=KEYCODE_T, scanCode=0, metaState=0, flags=0x0, repeatCount=0, eventTime=76823, downTime=76823, deviceId=-1, source=0x101 }
I/Input   ( 2321): injectKeyEvent: KeyEvent { action=ACTION_UP, keyCode=KEYCODE_T, scanCode=0, metaState=0, flags=0x0, repeatCount=0, eventTime=76823, downTime=76823, deviceId=-1, source=0x101 }
I/Input   ( 2321): injectKeyEvent: KeyEvent { action=ACTION_DOWN, keyCode=KEYCODE_APOSTROPHE, scanCode=0, metaState=0, flags=0x0, repeatCount=0, eventTime=76823, downTime=76823, deviceId=-1, source=0x101 }
I/Input   ( 2321): injectKeyEvent: KeyEvent { action=ACTION_UP, keyCode=KEYCODE_APOSTROPHE, scanCode=0, metaState=0, flags=0x0, repeatCount=0, eventTime=76823, downTime=76823, deviceId=-1, source=0x101 }
I/Input   ( 2321): injectKeyEvent: KeyEvent { action=ACTION_DOWN, keyCode=KEYCODE_SHIFT_LEFT, scanCode=0, metaState=META_SHIFT_ON|META_SHIFT_LEFT_ON, flags=0x0, repeatCount=0, eventTime=76823, downTime=76823, deviceId=-1, source=0x101 }
I/Input   ( 2321): injectKeyEvent: KeyEvent { action=ACTION_DOWN, keyCode=KEYCODE_LEFT_BRACKET, scanCode=0, metaState=META_SHIFT_ON|META_SHIFT_LEFT_ON, flags=0x0, repeatCount=0, eventTime=76823, downTime=76823, deviceId=-1, source=0x101 }
I/Input   ( 2321): injectKeyEvent: KeyEvent { action=ACTION_UP, keyCode=KEYCODE_LEFT_BRACKET, scanCode=0, metaState=META_SHIFT_ON|META_SHIFT_LEFT_ON, flags=0x0, repeatCount=0, eventTime=76823, downTime=76823, deviceId=-1, source=0x101 }
I/Input   ( 2321): injectKeyEvent: KeyEvent { action=ACTION_UP, keyCode=KEYCODE_SHIFT_LEFT, scanCode=0, metaState=0, flags=0x0, repeatCount=0, eventTime=76823, downTime=76823, deviceId=-1, source=0x101 }
I/Input   ( 2321): injectKeyEvent: KeyEvent { action=ACTION_DOWN, keyCode=KEYCODE_PERIOD, scanCode=0, metaState=0, flags=0x0, repeatCount=0, eventTime=76823, downTime=76823, deviceId=-1, source=0x101 }
I/Input   ( 2321): injectKeyEvent: KeyEvent { action=ACTION_UP, keyCode=KEYCODE_PERIOD, scanCode=0, metaState=0, flags=0x0, repeatCount=0, eventTime=76823, downTime=76823, deviceId=-1, source=0x101 }
I/Input   ( 2321): injectKeyEvent: KeyEvent { action=ACTION_DOWN, keyCode=KEYCODE_3, scanCode=0, metaState=0, flags=0x0, repeatCount=0, eventTime=76823, downTime=76823, deviceId=-1, source=0x101 }
I/Input   ( 2321): injectKeyEvent: KeyEvent { action=ACTION_UP, keyCode=KEYCODE_3, scanCode=0, metaState=0, flags=0x0, repeatCount=0, eventTime=76823, downTime=76823, deviceId=-1, source=0x101 }
I/Input   ( 2321): injectKeyEvent: KeyEvent { action=ACTION_DOWN, keyCode=KEYCODE_4, scanCode=0, metaState=0, flags=0x0, repeatCount=0, eventTime=76823, downTime=76823, deviceId=-1, source=0x101 }
I/Input   ( 2321): injectKeyEvent: KeyEvent { action=ACTION_UP, keyCode=KEYCODE_4, scanCode=0, metaState=0, flags=0x0, repeatCount=0, eventTime=76823, downTime=76823, deviceId=-1, source=0x101 }
I/Input   ( 2321): injectKeyEvent: KeyEvent { action=ACTION_DOWN, keyCode=KEYCODE_5, scanCode=0, metaState=0, flags=0x0, repeatCount=0, eventTime=76823, downTime=76823, deviceId=-1, source=0x101 }
I/Input   ( 2321): injectKeyEvent: KeyEvent { action=ACTION_UP, keyCode=KEYCODE_5, scanCode=0, metaState=0, flags=0x0, repeatCount=0, eventTime=76823, downTime=76823, deviceId=-1, source=0x101 }
I/Input   ( 2321): injectKeyEvent: KeyEvent { action=ACTION_DOWN, keyCode=KEYCODE_6, scanCode=0, metaState=0, flags=0x0, repeatCount=0, eventTime=76823, downTime=76823, deviceId=-1, source=0x101 }
I/Input   ( 2321): injectKeyEvent: KeyEvent { action=ACTION_UP, keyCode=KEYCODE_6, scanCode=0, metaState=0, flags=0x0, repeatCount=0, eventTime=76823, downTime=76823, deviceId=-1, source=0x101 }
I/Input   ( 2321): injectKeyEvent: KeyEvent { action=ACTION_DOWN, keyCode=KEYCODE_7, scanCode=0, metaState=0, flags=0x0, repeatCount=0, eventTime=76823, downTime=76823, deviceId=-1, source=0x101 }
I/Input   ( 2321): injectKeyEvent: KeyEvent { action=ACTION_UP, keyCode=KEYCODE_7, scanCode=0, metaState=0, flags=0x0, repeatCount=0, eventTime=76823, downTime=76823, deviceId=-1, source=0x101 }
I/Input   ( 2321): injectKeyEvent: KeyEvent { action=ACTION_DOWN, keyCode=KEYCODE_8, scanCode=0, metaState=0, flags=0x0, repeatCount=0, eventTime=76823, downTime=76823, deviceId=-1, source=0x101 }
I/Input   ( 2321): injectKeyEvent: KeyEvent { action=ACTION_UP, keyCode=KEYCODE_8, scanCode=0, metaState=0, flags=0x0, repeatCount=0, eventTime=76823, downTime=76823, deviceId=-1, source=0x101 }
I/Input   ( 2321): injectKeyEvent: KeyEvent { action=ACTION_DOWN, keyCode=KEYCODE_9, scanCode=0, metaState=0, flags=0x0, repeatCount=0, eventTime=76823, downTime=76823, deviceId=-1, source=0x101 }
I/Input   ( 2321): injectKeyEvent: KeyEvent { action=ACTION_UP, keyCode=KEYCODE_9, scanCode=0, metaState=0, flags=0x0, repeatCount=0, eventTime=76823, downTime=76823, deviceId=-1, source=0x101 }
I/Input   ( 2321): injectKeyEvent: KeyEvent { action=ACTION_DOWN, keyCode=KEYCODE_0, scanCode=0, metaState=0, flags=0x0, repeatCount=0, eventTime=76823, downTime=76823, deviceId=-1, source=0x101 }
I/Input   ( 2321): injectKeyEvent: KeyEvent { action=ACTION_UP, keyCode=KEYCODE_0, scanCode=0, metaState=0, flags=0x0, repeatCount=0, eventTime=76823, downTime=76823, deviceId=-1, source=0x101 }
I/Input   ( 2321): injectKeyEvent: KeyEvent { action=ACTION_DOWN, keyCode=KEYCODE_9, scanCode=0, metaState=0, flags=0x0, repeatCount=0, eventTime=76823, downTime=76823, deviceId=-1, source=0x101 }
I/Input   ( 2321): injectKeyEvent: KeyEvent { action=ACTION_UP, keyCode=KEYCODE_9, scanCode=0, metaState=0, flags=0x0, repeatCount=0, eventTime=76823, downTime=76823, deviceId=-1, source=0x101 }
I/Input   ( 2321): injectKeyEvent: KeyEvent { action=ACTION_DOWN, keyCode=KEYCODE_8, scanCode=0, metaState=0, flags=0x0, repeatCount=0, eventTime=76823, downTime=76823, deviceId=-1, source=0x101 }
I/Input   ( 2321): injectKeyEvent: KeyEvent { action=ACTION_UP, keyCode=KEYCODE_8, scanCode=0, metaState=0, flags=0x0, repeatCount=0, eventTime=76823, downTime=76823, deviceId=-1, source=0x101 }
I/Input   ( 2321): injectKeyEvent: KeyEvent { action=ACTION_DOWN, keyCode=KEYCODE_7, scanCode=0, metaState=0, flags=0x0, repeatCount=0, eventTime=76823, downTime=76823, deviceId=-1, source=0x101 }
I/Input   ( 2321): injectKeyEvent: KeyEvent { action=ACTION_UP, keyCode=KEYCODE_7, scanCode=0, metaState=0, flags=0x0, repeatCount=0, eventTime=76823, downTime=76823, deviceId=-1, source=0x101 }
I/Input   ( 2321): injectKeyEvent: KeyEvent { action=ACTION_DOWN, keyCode=KEYCODE_1, scanCode=0, metaState=0, flags=0x0, repeatCount=0, eventTime=76823, downTime=76823, deviceId=-1, source=0x101 }
I/Input   ( 2321): injectKeyEvent: KeyEvent { action=ACTION_UP, keyCode=KEYCODE_1, scanCode=0, metaState=0, flags=0x0, repeatCount=0, eventTime=76823, downTime=76823, deviceId=-1, source=0x101 }
I/Input   ( 2321): injectKeyEvent: KeyEvent { action=ACTION_DOWN, keyCode=KEYCODE_2, scanCode=0, metaState=0, flags=0x0, repeatCount=0, eventTime=76823, downTime=76823, deviceId=-1, source=0x101 }
I/Input   ( 2321): injectKeyEvent: KeyEvent { action=ACTION_UP, keyCode=KEYCODE_2, scanCode=0, metaState=0, flags=0x0, repeatCount=0, eventTime=76823, downTime=76823, deviceId=-1, source=0x101 }
I/Input   ( 2321): injectKeyEvent: KeyEvent { action=ACTION_DOWN, keyCode=KEYCODE_3, scanCode=0, metaState=0, flags=0x0, repeatCount=0, eventTime=76823, downTime=76823, deviceId=-1, source=0x101 }
I/Input   ( 2321): injectKeyEvent: KeyEvent { action=ACTION_UP, keyCode=KEYCODE_3, scanCode=0, metaState=0, flags=0x0, repeatCount=0, eventTime=76823, downTime=76823, deviceId=-1, source=0x101 }
I/Input   ( 2321): injectKeyEvent: KeyEvent { action=ACTION_DOWN, keyCode=KEYCODE_1, scanCode=0, metaState=0, flags=0x0, repeatCount=0, eventTime=76823, downTime=76823, deviceId=-1, source=0x101 }
I/Input   ( 2321): injectKeyEvent: KeyEvent { action=ACTION_UP, keyCode=KEYCODE_1, scanCode=0, metaState=0, flags=0x0, repeatCount=0, eventTime=76823, downTime=76823, deviceId=-1, source=0x101 }
D/AndroidRuntime( 2321): Shutting down VM
D/dalvikvm( 2321): GC_CONCURRENT freed 212K, 28% free 555K/772K, paused 1ms+0ms, total 1ms
D/UIAutomatorStub( 2281): URI: /jsonrpc/0, Method: POST, Header: {content-type=application/json, connection=close, remote-addr=127.0.0.1, host=localhost:9039, content-length=101, http-client-ip=127.0.0.1, user-agent=Python-urllib/2.7, accept-encoding=identity}, params, {NanoHttpd.QUERY_STRING=null}, files: {postData={"params": [384, 592], "jsonrpc": "2.0", "method": "click", "id": "329e6f1855e35ab75f904c789cdc5ba3"}}
D/InteractionController( 2281): clickNoSync (384, 592)
D/dalvikvm( 2281): GC_FOR_ALLOC freed 205K, 15% free 3553K/4176K, paused 4ms, total 4ms
D/AndroidRuntime( 2217): Shutting down VM
W/dalvikvm( 2217): threadid=1: thread exiting with uncaught exception (group=0xa4d03b20)
E/SoundPool( 1550): error loading /system/media/audio/ui/Effect_Tick.ogg
W/AudioService( 1550): Soundpool could not load file: /system/media/audio/ui/Effect_Tick.ogg
E/SoundPool( 1550): error loading /system/media/audio/ui/Effect_Tick.ogg
W/AudioService( 1550): Soundpool could not load file: /system/media/audio/ui/Effect_Tick.ogg
E/SoundPool( 1550): error loading /system/media/audio/ui/Effect_Tick.ogg
W/AudioService( 1550): Soundpool could not load file: /system/media/audio/ui/Effect_Tick.ogg
E/SoundPool( 1550): error loading /system/media/audio/ui/Effect_Tick.ogg
W/AudioService( 1550): Soundpool could not load file: /system/media/audio/ui/Effect_Tick.ogg
E/SoundPool( 1550): error loading /system/media/audio/ui/Effect_Tick.ogg
W/AudioService( 1550): Soundpool could not load file: /system/media/audio/ui/Effect_Tick.ogg
E/SoundPool( 1550): error loading /system/media/audio/ui/KeypressStandard.ogg
W/AudioService( 1550): Soundpool could not load file: /system/media/audio/ui/KeypressStandard.ogg
E/SoundPool( 1550): error loading /system/media/audio/ui/KeypressSpacebar.ogg
W/AudioService( 1550): Soundpool could not load file: /system/media/audio/ui/KeypressSpacebar.ogg
E/SoundPool( 1550): error loading /system/media/audio/ui/KeypressDelete.ogg
W/AudioService( 1550): Soundpool could not load file: /system/media/audio/ui/KeypressDelete.ogg
E/SoundPool( 1550): error loading /system/media/audio/ui/KeypressReturn.ogg
W/AudioService( 1550): Soundpool could not load file: /system/media/audio/ui/KeypressReturn.ogg
E/SoundPool( 1550): error loading /system/media/audio/ui/KeypressInvalid.ogg
W/AudioService( 1550): Soundpool could not load file: /system/media/audio/ui/KeypressInvalid.ogg
W/AudioService( 1550): onLoadSoundEffects(), Error -1 while loading samples
D/gralloc_ranchu( 1135): gralloc_alloc: Creating ashmem region of size 716800
--------- beginning of /dev/log/system
E/AndroidRuntime( 2217): FATAL EXCEPTION: main
E/AndroidRuntime( 2217): Process: com.tum.yahtzee, PID: 2217
E/AndroidRuntime( 2217): java.lang.NumberFormatException: Invalid int: "345678909871231"
E/AndroidRuntime( 2217): 	at java.lang.Integer.invalidInt(Integer.java:137)
E/AndroidRuntime( 2217): 	at java.lang.Integer.parse(Integer.java:377)
E/AndroidRuntime( 2217): 	at java.lang.Integer.parseInt(Integer.java:365)
E/AndroidRuntime( 2217): 	at java.lang.Integer.parseInt(Integer.java:331)
E/AndroidRuntime( 2217): 	at java.lang.Integer.<init>(Integer.java:102)
E/AndroidRuntime( 2217): 	at com.tum.yahtzee.YahtzeeActivity.play(YahtzeeActivity.java:51)
E/AndroidRuntime( 2217): 	at com.tum.yahtzee.YahtzeeActivity$1.onClick(YahtzeeActivity.java:41)
E/AndroidRuntime( 2217): 	at android.view.View.performClick(View.java:4438)
E/AndroidRuntime( 2217): 	at android.view.View$PerformClick.run(View.java:18422)
E/AndroidRuntime( 2217): 	at android.os.Handler.handleCallback(Handler.java:733)
E/AndroidRuntime( 2217): 	at android.os.Handler.dispatchMessage(Handler.java:95)
E/AndroidRuntime( 2217): 	at android.os.Looper.loop(Looper.java:136)
E/AndroidRuntime( 2217): 	at android.app.ActivityThread.main(ActivityThread.java:5017)
E/AndroidRuntime( 2217): 	at java.lang.reflect.Method.invokeNative(Native Method)
E/AndroidRuntime( 2217): 	at java.lang.reflect.Method.invoke(Method.java:515)
E/AndroidRuntime( 2217): 	at com.android.internal.os.ZygoteInit$MethodAndArgsCaller.run(ZygoteInit.java:779)
E/AndroidRuntime( 2217): 	at com.android.internal.os.ZygoteInit.main(ZygoteInit.java:595)
E/AndroidRuntime( 2217): 	at dalvik.system.NativeStart.main(Native Method)
W/ActivityManager( 1550):   Force finishing activity com.tum.yahtzee/.YahtzeeActivity
D/        ( 1550): HostConnection::get() New Host Connection established 0xb8e46760, tid 1656
W/        ( 1550): Unrecognized GLES max version string in extensions: ANDROID_EMU_CHECKSUM_HELPER_v1 
D/dalvikvm( 1550): GC_FOR_ALLOC freed 245K, 40% free 7097K/11784K, paused 5ms, total 5ms
D/UIAutomatorStub( 2281): URI: /jsonrpc/0, Method: POST, Header: {content-type=application/json, connection=close, remote-addr=127.0.0.1, host=localhost:9039, content-length=117, http-client-ip=127.0.0.1, user-agent=Python-urllib/2.7, accept-encoding=identity}, params, {NanoHttpd.QUERY_STRING=null}, files: {postData={"params": [null, 1000], "jsonrpc": "2.0", "method": "waitForWindowUpdate", "id": "c8ca6c4c09324f36f44567251536b0d2"}}
D/dalvikvm( 1550): GC_FOR_ALLOC freed 14K, 36% free 7582K/11784K, paused 6ms, total 6ms
I/dalvikvm-heap( 1550): Grow heap (frag case) to 8.590MB for 1127532-byte allocation
D/dalvikvm( 1550): GC_FOR_ALLOC freed <1K, 33% free 8682K/12888K, paused 5ms, total 5ms
D/dalvikvm( 1550): GC_CONCURRENT freed 0K, 33% free 8682K/12888K, paused 1ms+0ms, total 5ms
D/gralloc_ranchu( 1135): gralloc_alloc: Creating ashmem region of size 651264
D/        ( 1550): HostConnection::get() New Host Connection established 0xb8df6560, tid 1565
W/        ( 1550): Unrecognized GLES max version string in extensions: ANDROID_EMU_CHECKSUM_HELPER_v1 
D/dalvikvm( 2281): GC_FOR_ALLOC freed 197K, 15% free 3553K/4176K, paused 4ms, total 4ms
W/ActivityManager( 1550): Activity pause timeout for ActivityRecord{a506f0e0 u0 com.tum.yahtzee/.YahtzeeActivity t4 f}
D/EGL_emulation( 1878): eglMakeCurrent: 0xb8d5f560: ver 2 0
D/EGL_emulation( 1878): eglMakeCurrent: 0xb8d5f560: ver 2 0
E/EGL_emulation( 1878): tid 1878: eglSurfaceAttrib(1199): error 0x3009 (EGL_BAD_MATCH)
W/HardwareRenderer( 1878): Backbuffer cannot be preserved
D/dalvikvm( 1878): GC_FOR_ALLOC freed 4554K, 34% free 10114K/15304K, paused 2ms, total 2ms
I/dalvikvm-heap( 1878): Grow heap (frag case) to 13.304MB for 3483660-byte allocation
D/dalvikvm( 1878): GC_FOR_ALLOC freed 4K, 12% free 13511K/15304K, paused 2ms, total 2ms
D/dalvikvm( 1878): GC_CONCURRENT freed <1K, 12% free 13511K/15304K, paused 1ms+1ms, total 4ms